main.c:81:6:HAL_TIM_PeriodElapsedCallback	32	static
main.c:101:5:needToOpenDoors	4	static
main.c:107:5:needToCloseDoors	4	static
main.c:112:5:getLowestSetBit	24	static
main.c:126:5:getHighestSetBit	24	static
main.c:144:6:readButtons	24	static
main.c:165:6:openDoors	16	static
main.c:194:6:closeDoors	8	static
main.c:204:6:printPos	8	static
main.c:248:6:moveElevator	16	static
main.c:271:6:playBuzzer	8	static
main.c:282:5:main	8	static
main.c:403:6:SystemClock_Config	104	static
main.c:455:13:MX_I2C1_Init	8	static
main.c:489:13:MX_I2S3_Init	8	static
main.c:523:13:MX_SPI1_Init	8	static
main.c:561:13:MX_TIM2_Init	32	static
main.c:606:13:MX_GPIO_Init	56	static
main.c:722:6:Error_Handler	4	static,ignoring_inline_asm
